[www.insee.fr/en/accueil.html]
[backblue.gif]
[fade.gif]
[index.html]
[www.insee.fr/static/css/application.css]
[www.insee.fr/static/css/featherlight/featherlight.css]
[www.insee.fr/static/css/swiper/swiper.min.css]
[www.insee.fr/static/css/dateTimePicker/jquery.datetimepicker.css]
[www.insee.fr/static/js/svg/graphsvg.js]
[www.insee.fr/static/js/application.babel.js]
[www.insee.fr/static/js/application-lib.min.js]
[www.insee.fr/static/img/preloader.gif]
[www.insee.fr/en/information/3313008.html]
[www.insee.fr/static/img/logo_com_externe_semi_bold.png]
[www.insee.fr/en/information/2107814.html]
[www.insee.fr/en/statistiques.html]
[www.insee.fr/en/statistiques0cd7.html]
[www.insee.fr/en/statistiques493b.html]
[www.insee.fr/en/statistiquesfbd9.html]
[www.insee.fr/en/statistiquesf643.html]
[www.insee.fr/en/statistiquesaca5.html]
[www.insee.fr/en/statistiques8433.html]
[www.insee.fr/en/statistiquesbbcb.html]
[www.insee.fr/en/statistiques6fd8.html]
[www.insee.fr/en/statistiques1103.html]
[www.insee.fr/en/statistiques8a0a.html]
[www.insee.fr/en/statistiquesae7b.html]
[www.insee.fr/en/statistiquesefef.html]
[www.insee.fr/en/statistiques9bfb.html]
[www.insee.fr/en/statistiques874e.html]
[www.insee.fr/en/information/2107769.html]
[www.insee.fr/en/information/2565539.html]
[www.insee.fr/en/metadonnees/definitions.html]
[www.insee.fr/en/information/2526481.html]
[www.insee.fr/en/metadonnees/sources.html]
[www.insee.fr/en/metadonnees/indicateurs.html]
[www.insee.fr/en/information/2517226.html]
[www.insee.fr/en/information/4252443.html]
[www.insee.fr/en/information/4249987.html]
[www.insee.fr/en/information/5388742.html]
[www.insee.fr/en/information/4250036.html]
[www.insee.fr/en/information/4250540.html]
[www.insee.fr/en/information/4250661.html]
[www.insee.fr/en/information/4251599.html]
[www.insee.fr/en/information/4251104.html]
[www.insee.fr/en/information/2107765.html]
[www.insee.fr/en/metadonnees/nafr2/section/A.html]
[www.insee.fr/en/metadonnees/cpfr21/section/A.html]
[www.insee.fr/en/information/5398380.html]
[www.insee.fr/en/information/5398357.html]
[www.insee.fr/en/information/4195037.html]
[www.insee.fr/en/information/2107752.html]
[www.insee.fr/en/information/2107732.html]
[www.insee.fr/en/information/2489482.html]
[www.insee.fr/en/information/2489869.html]
[www.insee.fr/en/information/2491441.html]
[www.insee.fr/en/information/2512785.html]
[www.insee.fr/en/information/2868059.html]
[www.insee.fr/en/information/2868055.html]
[www.insee.fr/en/information/2868052.html]
[www.insee.fr/en/information/2886952.html]
[www.insee.fr/en/information/2852056.html]
[www.insee.fr/en/information/2107734.html]
[www.insee.fr/en/information/2107726.html]
[www.insee.fr/en/information/2563034.html]
[www.insee.fr/en/information/2563032.html]
[www.insee.fr/en/information/2903127.html]
[www.insee.fr/en/information/2107749.html]
[www.insee.fr/en/information/2107747.html]
[www.insee.fr/en/information/2107811.html]
[www.insee.fr/en/information/2107743.html]
[www.insee.fr/en/information/2493967.html]
[www.insee.fr/en/information/4489573.html]
[www.insee.fr/en/information/2494151.html]
[www.insee.fr/en/information/3288629.html]
[www.insee.fr/en/information/3288575.html]
[www.insee.fr/en/information/3288548.html]
[www.insee.fr/en/information/3288461.html]
[www.insee.fr/en/information/2107745.html]
[www.insee.fr/en/information/2107739.html]
[www.insee.fr/en/information/3711699.html]
[www.insee.fr/en/information/2107837.html]
[www.insee.fr/en/information/2499106.html]
[www.insee.fr/en/information/2647680.html]
[www.insee.fr/en/information/2107711.html]
[www.insee.fr/en/information/2107702.html]
[www.insee.fr/en/information/2381925.html]
[www.insee.fr/en/information/2381922.html]
[www.insee.fr/en/information/2381920.html]
[www.insee.fr/en/information/2381918.html]
[www.insee.fr/en/information/4195175.html]
[www.insee.fr/en/information/2410087.html]
[www.insee.fr/en/information/2107704.html]
[www.insee.fr/en/information/2384705.html]
[www.insee.fr/en/information/2384796.html]
[www.insee.fr/en/information/2384815.html]
[www.insee.fr/en/information/2384952.html]
[www.insee.fr/en/information/2384677.html]
[www.insee.fr/en/information/2388700.html]
[www.insee.fr/en/information/2388407.html]
[www.insee.fr/en/information/2385705.html]
[www.insee.fr/en/information/4301982.html]
[www.insee.fr/en/information/2107706.html]
[www.insee.fr/en/information/2398930.html]
[www.insee.fr/en/information/2386424.html]
[www.insee.fr/en/information/2388575.html]
[www.insee.fr/en/information/4196120.html]
[www.insee.fr/en/information/2388844.html]
[www.insee.fr/en/information/5232639.html]
[www.insee.fr/en/information/2107708.html]
[www.insee.fr/en/information/4304373.html]
[www.insee.fr/en/information/2410240.html]
[www.insee.fr/en/information/4300318.html]
[www.insee.fr/en/statistiques/6653900.html]
[www.insee.fr/en/statistiques/6040011beba.html]
[www.insee.fr/en/outil-interactif/5543645/tableau/80_AMN/84_MOB.html]
[www.insee.fr/image/actualite/6526602/TBEF EN.png]
[www.insee.fr/en/statistiques/4493845.html]
[www.insee.fr/image/actualite/6525339/Image_accueil.png]
[www.insee.fr/static/img/a-la-une/conjoncture.png]
[www.insee.fr/en/statistiques/6654735.html]
[www.insee.fr/en/statistiques/6544105.html]
[www.insee.fr/en/statistiques4ca1.html]
[www.insee.fr/en/statistiques/6654881.html]
[www.insee.fr/en/statistiques/6653690.html]
[www.insee.fr/en/statistiques/6654194.html]
[www.insee.fr/en/statistiques/6653799.html]
[www.insee.fr/en/statistiques/6654659.html]
[www.insee.fr/en/statistiques/6654652.html]
[www.insee.fr/en/statistiques/6654764.html]
[www.insee.fr/en/statistiques/6653511.html]
[www.insee.fr/en/statistiquesb6d1.html]
[www.insee.fr/en/statistiques/2417640.html]
[www.insee.fr/en/statistiques/6654741.html]
[www.insee.fr/en/statistiques/6652103.html]
[www.insee.fr/en/statistiques/6483584.html]
[www.insee.fr/en/statistiques/6539824.html]
[www.insee.fr/en/information/2414678.html]
[www.insee.fr/en/information/2414818.html]
[www.insee.fr/en/image/footer/sse_en.png]
[www.insee.fr/en/image/footer/logo-casd-bas-page.png]
[www.insee.fr/en/information/2409130.html]
[www.insee.fr/en/information/2409139.html]
[www.insee.fr/en/accueil.html]
[www.insee.fr/en/information/2415363.html]
[www.insee.fr/static/img/logo-insee-fond.png]
[www.insee.fr/en/plan-du-site/index.html]
[www.insee.fr/static/img/population.png]
[www.insee.fr/static/img/population-over.png]
[www.insee.fr/static/img/camembert.png]
[www.insee.fr/static/img/camembert-over.png]
[www.insee.fr/static/css/application.css]
[www.insee.fr/static/css/featherlight/featherlight.css]
[www.insee.fr/static/css/swiper/swiper.min.css]
[www.insee.fr/static/css/dateTimePicker/jquery.datetimepicker.css]
[www.insee.fr/en/information/3974508.html]
[www.insee.fr/en/information/3974620.html]
[www.insee.fr/en/information/3313008.html]
[www.insee.fr/en/statistiques2d51.html]
[www.insee.fr/en/statistiques7def.html]
[www.insee.fr/en/statistiquesd8fe.html]
[www.insee.fr/en/statistiquescc56.html]
[www.insee.fr/en/statistiques3483.html]
[www.insee.fr/en/statistiquesaa6d.html]
[www.insee.fr/en/information/2107814.html]
[www.insee.fr/en/statistiques.html]
[www.insee.fr/en/statistiques0cd7.html]
[www.insee.fr/en/statistiques493b.html]
[www.insee.fr/en/statistiquesfbd9.html]
[www.insee.fr/en/statistiquesf643.html]
[www.insee.fr/en/statistiquesaca5.html]
[www.insee.fr/en/statistiques8433.html]
[www.insee.fr/en/statistiquesbbcb.html]
[www.insee.fr/en/statistiques6fd8.html]
[www.insee.fr/en/statistiques1103.html]
[www.insee.fr/en/statistiques8a0a.html]
[www.insee.fr/en/statistiquesae7b.html]
[www.insee.fr/en/statistiquesefef.html]
[www.insee.fr/en/statistiques9bfb.html]
[www.insee.fr/en/statistiques874e.html]
[www.insee.fr/en/information/2107769.html]
[www.insee.fr/en/information/2565539.html]
[www.insee.fr/en/metadonnees/definition/c2083.html]
[www.insee.fr/en/metadonnees/definition/c1442.html]
[www.insee.fr/en/metadonnees/definition/c2008.html]
[www.insee.fr/en/metadonnees/definition/c2067.html]
[www.insee.fr/en/metadonnees/definition/c1790.html]
[www.insee.fr/en/metadonnees/definition/c2288.html]
[www.insee.fr/en/metadonnees/definition/c2287.html]
[www.insee.fr/en/metadonnees/definition/c1863.html]
[www.insee.fr/en/metadonnees/definition/c2037.html]
[www.insee.fr/en/metadonnees/definition/c1718.html]
[www.insee.fr/en/metadonnees/definition/c1938.html]
[www.insee.fr/en/metadonnees/definition/c2254.html]
[www.insee.fr/en/metadonnees/definition/c2252.html]
[www.insee.fr/en/metadonnees/definition/c1113.html]
[www.insee.fr/en/metadonnees/definition/c2253.html]
[www.insee.fr/en/metadonnees/definition/c2242.html]
[www.insee.fr/en/metadonnees/definition/c1049.html]
[www.insee.fr/en/metadonnees/definition/c1986.html]
[www.insee.fr/en/metadonnees/definition/c1476.html]
[www.insee.fr/en/metadonnees/definition/c1880.html]
[www.insee.fr/en/metadonnees/definition/c1187.html]
[www.insee.fr/en/metadonnees/definition/c1788.html]
[www.insee.fr/en/metadonnees/definition/c1173.html]
[www.insee.fr/en/metadonnees/definition/c1672.html]
[www.insee.fr/en/metadonnees/definition/c2217.html]
[www.insee.fr/en/metadonnees/definition/c1554.html]
[www.insee.fr/en/metadonnees/definition/c1186.html]
[www.insee.fr/en/metadonnees/definition/c1652.html]
[www.insee.fr/en/metadonnees/definition/c1951.html]
[www.insee.fr/en/metadonnees/definition/c1370.html]
[www.insee.fr/en/metadonnees/definition/c1022.html]
[www.insee.fr/en/metadonnees/definition/c1225.html]
[www.insee.fr/en/metadonnees/definition/c1401.html]
[www.insee.fr/en/metadonnees/definition/c1463.html]
[www.insee.fr/en/metadonnees/definition/c1858.html]
[www.insee.fr/en/metadonnees/definition/c1800.html]
[www.insee.fr/en/metadonnees/definition/c1640.html]
[www.insee.fr/en/metadonnees/definition/c1537.html]
[www.insee.fr/en/metadonnees/definition/c1978.html]
[www.insee.fr/en/metadonnees/definition/c1039.html]
[www.insee.fr/en/metadonnees/definition/c1249.html]
[www.insee.fr/en/metadonnees/definition/c1111.html]
[www.insee.fr/en/metadonnees/definition/c2025.html]
[www.insee.fr/en/metadonnees/definition/c1977.html]
[www.insee.fr/en/metadonnees/definition/c2061.html]
[www.insee.fr/en/metadonnees/definition/c1767.html]
[www.insee.fr/en/metadonnees/definition/c1598.html]
[www.insee.fr/en/metadonnees/definition/c1534.html]
[www.insee.fr/en/metadonnees/definition/c1139.html]
[www.insee.fr/en/metadonnees/definition/c1042.html]
[www.insee.fr/en/metadonnees/definition/c2095.html]
[www.insee.fr/en/metadonnees/definition/c2190.html]
[www.insee.fr/en/metadonnees/definition/c1062.html]
[www.insee.fr/en/metadonnees/definition/c2243.html]
[www.insee.fr/en/metadonnees/definition/c2297.html]
[www.insee.fr/en/metadonnees/definition/c1601.html]
[www.insee.fr/en/metadonnees/definition/c1843.html]
[www.insee.fr/en/metadonnees/definition/c1047.html]
[www.insee.fr/en/metadonnees/definition/c2066.html]
[www.insee.fr/en/metadonnees/definition/c1511.html]
[www.insee.fr/en/metadonnees/definition/c2111.html]
[www.insee.fr/en/metadonnees/definition/c1830.html]
[www.insee.fr/en/metadonnees/definition/c2133.html]
[www.insee.fr/en/metadonnees/definition/c1398.html]
[www.insee.fr/en/metadonnees/definition/c2271.html]
[www.insee.fr/en/metadonnees/definition/c2272.html]
[www.insee.fr/en/metadonnees/definition/c1405.html]
[www.insee.fr/en/metadonnees/definition/c1151.html]
[www.insee.fr/en/metadonnees/definition/c1649.html]
[www.insee.fr/en/metadonnees/definition/c1724.html]
[www.insee.fr/en/metadonnees/definition/c1937.html]
[www.insee.fr/en/metadonnees/definition/c1901.html]
[www.insee.fr/en/metadonnees/definition/c1765.html]
[www.insee.fr/en/metadonnees/definition/c1264.html]
[www.insee.fr/en/metadonnees/definition/c1706.html]
[www.insee.fr/en/metadonnees/definition/c1032.html]
[www.insee.fr/en/metadonnees/definition/c1223.html]
[www.insee.fr/en/metadonnees/definition/c1766.html]
[www.insee.fr/en/metadonnees/definition/c1560.html]
[www.insee.fr/en/metadonnees/definition/c2063.html]
[www.insee.fr/en/metadonnees/definition/c2134.html]
[www.insee.fr/en/metadonnees/definition/c1058.html]
[www.insee.fr/en/metadonnees/definition/c1316.html]
[www.insee.fr/en/metadonnees/definition/c2106.html]
[www.insee.fr/en/metadonnees/definition/c1268.html]
[www.insee.fr/en/metadonnees/definition/c2221.html]
[www.insee.fr/en/metadonnees/definition/c1143.html]
[www.insee.fr/en/metadonnees/definition/c1422.html]
[www.insee.fr/en/metadonnees/definition/c1831.html]
[www.insee.fr/en/metadonnees/definition/c1850.html]
[www.insee.fr/en/metadonnees/definition/c1594.html]
[www.insee.fr/en/metadonnees/definition/c1480.html]
[www.insee.fr/en/metadonnees/definition/c1566.html]
[www.insee.fr/en/metadonnees/definition/c1002.html]
[www.insee.fr/en/metadonnees/definition/c1350.html]
[www.insee.fr/en/metadonnees/definition/c2286.html]
[www.insee.fr/en/metadonnees/definition/c2132.html]
[www.insee.fr/en/metadonnees/definition/c2035.html]
[www.insee.fr/en/metadonnees/definition/c2039.html]
[www.insee.fr/en/metadonnees/definition/c2038.html]
[www.insee.fr/en/metadonnees/definition/c1723.html]
[www.insee.fr/en/metadonnees/definition/c1144.html]
[www.insee.fr/en/metadonnees/definition/c1308.html]
[www.insee.fr/en/metadonnees/definition/c1610.html]
[www.insee.fr/en/metadonnees/definition/c1284.html]
[www.insee.fr/en/metadonnees/definition/c2055.html]
[www.insee.fr/en/metadonnees/definition/c1839.html]
[www.insee.fr/en/metadonnees/definition/c1441.html]
[www.insee.fr/en/metadonnees/definition/c1569.html]
[www.insee.fr/en/metadonnees/definition/c1941.html]
[www.insee.fr/en/metadonnees/definition/c2136.html]
[www.insee.fr/en/metadonnees/definition/c2141.html]
[www.insee.fr/en/metadonnees/definition/c2142.html]
[www.insee.fr/en/metadonnees/definition/c1011.html]
[www.insee.fr/en/metadonnees/definition/c1952.html]
[www.insee.fr/en/metadonnees/definition/c1592.html]
[www.insee.fr/en/metadonnees/definition/c1989.html]
[www.insee.fr/en/metadonnees/definition/c1038.html]
[www.insee.fr/en/metadonnees/definition/c1821.html]
[www.insee.fr/en/metadonnees/definition/c2205.html]
[www.insee.fr/en/metadonnees/definition/c1477.html]
[www.insee.fr/en/metadonnees/definition/c2107.html]
[www.insee.fr/en/metadonnees/definition/c2027.html]
[www.insee.fr/en/metadonnees/definition/c1940.html]
[www.insee.fr/en/metadonnees/definition/c1529.html]
[www.insee.fr/en/metadonnees/definition/c1281.html]
[www.insee.fr/en/metadonnees/definition/c1029.html]
[www.insee.fr/en/metadonnees/definition/c1212.html]
[www.insee.fr/en/metadonnees/definition/c1988.html]
[www.insee.fr/en/metadonnees/definition/c1493.html]
[www.insee.fr/en/metadonnees/definition/c1758.html]
[www.insee.fr/en/metadonnees/definition/c1064.html]
[www.insee.fr/en/metadonnees/definition/c1267.html]
[www.insee.fr/en/metadonnees/definition/c1470.html]
[www.insee.fr/en/metadonnees/definition/c1272.html]
[www.insee.fr/en/metadonnees/definition/c2203.html]
[www.insee.fr/en/metadonnees/definition/c1407.html]
[www.insee.fr/en/metadonnees/definition/c1730.html]
[www.insee.fr/en/metadonnees/definition/c2291.html]
[www.insee.fr/en/metadonnees/definition/c1149.html]
[www.insee.fr/en/metadonnees/definition/c1366.html]
[www.insee.fr/en/metadonnees/definition/c1336.html]
[www.insee.fr/en/metadonnees/definition/c1851.html]
[www.insee.fr/en/metadonnees/definition/c1943.html]
[www.insee.fr/en/metadonnees/definition/c1213.html]
[www.insee.fr/en/metadonnees/definition/c1201.html]
[www.insee.fr/en/metadonnees/definition/c1915.html]
[www.insee.fr/en/metadonnees/definition/c1589.html]
[www.insee.fr/en/metadonnees/definition/c2009.html]
[www.insee.fr/en/metadonnees/definition/c2200.html]
[www.insee.fr/en/metadonnees/definition/c2050.html]
[www.insee.fr/en/metadonnees/definition/c1121.html]
[www.insee.fr/en/metadonnees/definition/c1567.html]
[www.insee.fr/en/metadonnees/definition/c1072.html]
[www.insee.fr/en/metadonnees/definition/c2224.html]
[www.insee.fr/en/metadonnees/definition/c1895.html]
[www.insee.fr/en/metadonnees/definition/c1028.html]
[www.insee.fr/en/metadonnees/definition/c1918.html]
[www.insee.fr/en/metadonnees/definition/c1933.html]
[www.insee.fr/en/metadonnees/definition/c1231.html]
[www.insee.fr/en/metadonnees/definition/c1134.html]
[www.insee.fr/en/metadonnees/definition/c1998.html]
[www.insee.fr/en/metadonnees/definition/c1004.html]
[www.insee.fr/en/metadonnees/definition/c1798.html]
[www.insee.fr/en/metadonnees/definition/c1948.html]
[www.insee.fr/en/metadonnees/definition/c1025.html]
[www.insee.fr/en/metadonnees/definition/c1024.html]
[www.insee.fr/en/metadonnees/definition/c1399.html]
[www.insee.fr/en/metadonnees/definition/c2175.html]
[www.insee.fr/en/metadonnees/definition/c1466.html]
[www.insee.fr/en/metadonnees/definition/c1514.html]
[www.insee.fr/en/metadonnees/definition/c1205.html]
[www.insee.fr/en/metadonnees/definition/c2140.html]
[www.insee.fr/en/metadonnees/definition/c1152.html]
[www.insee.fr/en/metadonnees/definition/c1386.html]
[www.insee.fr/en/metadonnees/definition/c2138.html]
[www.insee.fr/en/metadonnees/definition/c1662.html]
[www.insee.fr/en/metadonnees/definition/c2119.html]
[www.insee.fr/en/metadonnees/definition/c2199.html]
[www.insee.fr/en/metadonnees/definition/c1568.html]
[www.insee.fr/en/metadonnees/definition/c1557.html]
[www.insee.fr/en/metadonnees/definition/c1485.html]
[www.insee.fr/en/metadonnees/definition/c1802.html]
[www.insee.fr/en/metadonnees/definition/c1101.html]
[www.insee.fr/en/metadonnees/definition/c1207.html]
[www.insee.fr/en/metadonnees/definition/c1834.html]
[www.insee.fr/en/metadonnees/definition/c1406.html]
[www.insee.fr/en/metadonnees/definition/c2053.html]
[www.insee.fr/en/metadonnees/definition/c1348.html]
[www.insee.fr/en/metadonnees/definition/c1623.html]
[www.insee.fr/en/metadonnees/definition/c1481.html]
[www.insee.fr/en/metadonnees/definition/c2030.html]
[www.insee.fr/en/metadonnees/definition/c1927.html]
[www.insee.fr/en/metadonnees/definition/c1251.html]
[www.insee.fr/en/metadonnees/definition/c1484.html]
[www.insee.fr/en/metadonnees/definition/c1860.html]
[www.insee.fr/en/metadonnees/definition/c1402.html]
[www.insee.fr/en/metadonnees/definition/c1125.html]
[www.insee.fr/en/metadonnees/definition/c1227.html]
[www.insee.fr/en/metadonnees/definition/c1368.html]
[www.insee.fr/en/metadonnees/definition/c1903.html]
[www.insee.fr/en/metadonnees/definition/c1889.html]
[www.insee.fr/en/metadonnees/definition/c1754.html]
[www.insee.fr/en/metadonnees/definition/c1403.html]
[www.insee.fr/en/metadonnees/definition/c2048.html]
[www.insee.fr/en/metadonnees/definition/c1419.html]
[www.insee.fr/en/metadonnees/definition/c1509.html]
[www.insee.fr/en/metadonnees/definition/c2285.html]
[www.insee.fr/en/metadonnees/definition/c2280.html]
[www.insee.fr/en/metadonnees/definition/c1086.html]
[www.insee.fr/en/metadonnees/definition/c2273.html]
[www.insee.fr/en/metadonnees/definition/c2279.html]
[www.insee.fr/en/metadonnees/definition/c1739.html]
[www.insee.fr/en/metadonnees/definition/c1990.html]
[www.insee.fr/en/metadonnees/definition/c1677.html]
[www.insee.fr/en/metadonnees/definition/c1273.html]
[www.insee.fr/en/metadonnees/definition/c1412.html]
[www.insee.fr/en/metadonnees/definition/c1265.html]
[www.insee.fr/en/metadonnees/definition/c2118.html]
[www.insee.fr/en/metadonnees/definition/c1710.html]
[www.insee.fr/en/metadonnees/definition/c1519.html]
[www.insee.fr/en/metadonnees/definition/c2023.html]
[www.insee.fr/en/metadonnees/definition/c1715.html]
[www.insee.fr/en/metadonnees/definition/c1786.html]
[www.insee.fr/en/metadonnees/definition/c2298.html]
[www.insee.fr/en/metadonnees/definition/c1020.html]
[www.insee.fr/en/metadonnees/definitions.html]
[www.insee.fr/en/information/2526481.html]
[www.insee.fr/en/metadonnees/sources.html]
[www.insee.fr/en/metadonnees/indicateurs.html]
[www.insee.fr/en/information/2517226.html]
[www.insee.fr/en/information/4252443.html]
[www.insee.fr/en/information/4249987.html]
[www.insee.fr/en/information/5388742.html]
[www.insee.fr/en/information/4250036.html]
[www.insee.fr/en/information/4250540.html]
[www.insee.fr/en/information/4250661.html]
[www.insee.fr/en/information/4251599.html]
[www.insee.fr/en/information/4251104.html]
[www.insee.fr/en/information/2107765.html]
[www.insee.fr/en/metadonnees/nafr2/section/A.html]
[www.insee.fr/en/metadonnees/cpfr21/section/A.html]
[www.insee.fr/en/information/5398380.html]
[www.insee.fr/en/information/5398357.html]
[www.insee.fr/en/information/4195037.html]
[www.insee.fr/en/information/2107752.html]
[www.insee.fr/en/information/2107732.html]
[www.insee.fr/en/information/2489482.html]
[www.insee.fr/en/information/2489869.html]
[www.insee.fr/en/information/2491441.html]
[www.insee.fr/en/information/2512785.html]
[www.insee.fr/en/information/2868059.html]
[www.insee.fr/en/information/2868055.html]
[www.insee.fr/en/information/2868052.html]
[www.insee.fr/en/information/2886952.html]
[www.insee.fr/en/information/2852056.html]
[www.insee.fr/en/information/2107734.html]
[www.insee.fr/en/information/2107726.html]
[www.insee.fr/en/information/2563034.html]
[www.insee.fr/en/information/2563032.html]
